category_mapping = {
    'Oils Edible': 'Fats/oils',
    'Herbs/Spices/Extracts': 'Miscellaneous',
    'Prepared Soups': 'Miscellaneous',
    'Sauces/Spreads/Dips/Condiments': 'Miscellaneous',
    'Dough Based Products / Meals': 'Miscellaneous',
    'Vegetables  Prepared/Processed': 'Vegetables',
    'Bread': 'Grains',
    'Biscuits/Cookies': 'Miscellaneous',
    'Sweet Bakery Products': 'Miscellaneous',
    'Savoury Bakery Products': 'Miscellaneous',
    'Non Alcoholic Beverages  Ready to Drink': 'Non-alcoholic beverages',
    'Meat/Poultry/Other Animals  Unprepared/Unprocessed': 'Meat and poultry',
    'Meat/Poultry/Other Animals  Prepared/Processed': 'Meat and poultry',
    'Fruit  Prepared/Processed': 'Fruit and fruit products',
    'Cookies & Biscuits': 'Miscellaneous',
    'Frozen Fruit & Fruit Juice Concentrates': 'Fruit and fruit products',
    'Popcorn, Peanuts, Seeds & Related Snacks': 'Miscellaneous',
    'Croissants, Sweet Rolls, Muffins & Other Pastries': 'Miscellaneous',
    "Frozen Appetizers & Hors D'oeuvres": 'Miscellaneous',
    'Wholesome Snacks': 'Miscellaneous',
    'Nut & Seed Butters': 'Legumes/nuts/seeds',
    'Chips, Pretzels & Snacks': 'Miscellaneous',
    'Cheese': 'Milk and milk products',
    'Rice': 'Grains',
    'Sausages, Hotdogs & Brats': 'Meat and poultry',
    'Canned Fruit': 'Fruit and fruit products',
    'Frozen Vegetables': 'Vegetables',
    'Crackers & Biscotti': 'Miscellaneous',
    'Cooked & Prepared': 'Miscellaneous',
    'Frozen Dinners & Entrees': 'Miscellaneous',
    'Other Frozen Desserts': 'Miscellaneous',
    'Snack, Energy & Granola Bars': 'Miscellaneous',
    'Oriental, Mexican & Ethnic Sauces': 'Miscellaneous',
    'Breads & Buns': 'Grains',
    'Seasoning Mixes, Salts, Marinades & Tenderizers': 'Miscellaneous',
    'Pastry Shells & Fillings': 'Miscellaneous',
    'Flavored Snack Crackers': 'Miscellaneous',
    'Ketchup, Mustard, BBQ & Cheese Sauce': 'Miscellaneous',
    'Canned & Bottled Beans': 'Legumes/nuts/seeds',
    'Mexican Dinner Mixes': 'Miscellaneous',
    'Frozen Poultry, Chicken & Turkey': 'Meat and poultry',
    'Chocolate': 'Miscellaneous',
    'Dips & Salsa': 'Miscellaneous',
    'Canned Meat': 'Meat and poultry',
    'Ice Cream & Frozen Yogurt': 'Miscellaneous',
    'Cereal': 'Grains',
    'Pasta Dinners': 'Grains',
    'Canned Soup': 'Miscellaneous',
    'Salad Dressing & Mayonnaise': 'Miscellaneous',
    'Yogurt': 'Milk and milk products',
    'Tomatoes': 'Vegetables',
    'Prepared Pasta & Pizza Sauces': 'Miscellaneous',
    'Frozen Fish & Seafood': 'Fish/shellfish',
    'Other Cooking Sauces': 'Miscellaneous',
    'Frozen Breakfast Sandwiches, Biscuits & Meals': 'Miscellaneous',
    'Granulated, Brown & Powdered Sugar': 'Sugar and sugar products',
    'Fruit & Vegetable Juice, Nectars & Fruit Drinks': 'Fruit and fruit products',
    'Pasta by Shape & Type': 'Grains',
    'Puddings & Custards': 'Miscellaneous',
    'Powdered Drinks': 'Non-alcoholic beverages',
    'Gravy Mix': 'Miscellaneous',
    'Pre-Packaged Fruit & Vegetables': 'Fruit and fruit products',
    'Other Soups': 'Miscellaneous',
    'Candy': 'Miscellaneous',
    'Herbs & Spices': 'Miscellaneous',
    'Entrees, Sides & Small Meals': 'Miscellaneous',
    'Butter & Spread': 'Fats/oils',
    'Vegetable and Lentil Mixes': 'Legumes/nuts/seeds',
    'Baking Additives & Extracts': 'Miscellaneous',
    'Jam, Jelly & Fruit Spreads': 'Miscellaneous',
    'Canned Condensed Soup': 'Miscellaneous',
    'Chili & Stew': 'Miscellaneous',
    'Pepperoni, Salami & Cold Cuts': 'Meat and poultry',
    'French Fries, Potatoes & Onion Rings': 'Vegetables',
    'Cakes, Cupcakes, Snack Cakes': 'Miscellaneous',
    'Other Deli': 'Miscellaneous',
    'Pizza Mixes & Other Dry Dinners': 'Miscellaneous',
    'Frozen Patties and Burgers': 'Meat and poultry',
    'Pickles, Olives, Peppers & Relishes': 'Miscellaneous',
    'Bread & Muffin Mixes': 'Grains',
    'Frozen Pancakes, Waffles, French Toast & Crepes': 'Grains',
    'Other Meats': 'Meat and poultry',
    'Canned Vegetables': 'Vegetables',
    'Cake, Cookie & Cupcake Mixes': 'Grains',
    'Vegetable & Cooking Oils': 'Fats/oils',
    'Frozen Bread & Dough': 'Grains',
    'Frozen Bacon, Sausages & Ribs': 'Meat and poultry',
    'Tea Bags': 'Non-alcoholic beverages',
    'Frozen Sausages, Hotdogs & Brats': 'Meat and poultry',
    'Cream': 'Milk and milk products',
    'Poultry, Chicken & Turkey': 'Meat and poultry',
    'Bacon, Sausages & Ribs': 'Meat and poultry',
    'Crusts & Dough': 'Grains',
    'Chewing Gum & Mints': 'Miscellaneous',
    'All Noodles': 'Grains',
    'Canned Seafood': 'Fish/shellfish',
    'Canned Tuna': 'Fish/shellfish',
    'Deli Salads': 'Miscellaneous',
    'Other Grains & Seeds': 'Grains',
    'Honey': 'Sugar and sugar products',
    'Flours & Corn Meal': 'Grains',
    'Stuffing': 'Grains',
    'Other Snacks': 'Miscellaneous',
    'Vegetarian Frozen Meats': 'Miscellaneous',
    'Other Drinks': 'Non-alcoholic beverages',
    'Other Frozen Meats': 'Meat and poultry',
    'Pizza': 'Miscellaneous',
    'Baking Decorations & Dessert Toppings': 'Miscellaneous',
    'Eggs & Egg Substitutes': 'Eggs',
    'Flavored Rice Dishes': 'Grains',
    'Fish & Seafood': 'Fish/shellfish',
    'Prepared Subs & Sandwiches': 'Miscellaneous',
    'Gelatin, Gels, Pectins & Desserts': 'Miscellaneous',
    'Milk': 'Milk and milk products',
    'Frozen Prepared Sides': 'Miscellaneous',
    'Liquid Water Enhancer': 'Non-alcoholic beverages',
    'Milk Additives': 'Milk and milk products',
    'Syrups & Molasses': 'Sugar and sugar products',
    'Coffee': 'Non-alcoholic beverages',
    'Energy, Protein & Muscle Recovery Drinks': 'Non-alcoholic beverages',
    'Herbal Supplements': 'Miscellaneous',
    'Lunch Snacks & Combinations': 'Miscellaneous',
    'Breakfast Sandwiches, Biscuits & Meals': 'Miscellaneous',
    'Water': 'Non-alcoholic beverages',
    'Soda': 'Non-alcoholic beverages',
    'Plant Based Milk': 'Milk and milk products',
    'Other Condiments': 'Miscellaneous',
    'Iced & Bottle Tea': 'Non-alcoholic beverages',
    'Pancakes, Waffles, French Toast & Crepes': 'Grains',
    'Miscellanious': 'Miscellaneous',
    'Plant Based Water': 'Non-alcoholic beverages',
    'Alcohol': 'Alcoholic beverages',
    'Prepared Wraps and Burittos': 'Miscellaneous',
    'Sushi': 'Fish/shellfish',
    'Breakfast Drinks': 'Non-alcoholic beverages',
    'Sport Drinks': 'Non-alcoholic beverages',
    'Oral Hygiene Products': 'Miscellaneous',
    'Specialty Formula Supplements': 'Miscellaneous',
    'Vitamins': 'Miscellaneous',
    'Baking': 'Miscellaneous',
    'Weight Control': 'Miscellaneous',
    'Meal Replacement Supplements': 'Miscellaneous',
    'Health Care': 'Miscellaneous',
    'Baking Accessories': 'Miscellaneous',
    'Media': 'Miscellaneous',
    'Kitchen Supplies': 'Miscellaneous',
    'Home Decoration & Supplies': 'Miscellaneous',
    'NaN': 'Strange',
    'Pies/Pastries - Sweet (Shelf Stable)': 'Miscellaneous',
    'Biscuits/Cookies (Shelf Stable)': 'Miscellaneous',
    'Fruit - Prepared/Processed (Shelf Stable)': 'Fruit and fruit products',
    'Cakes - Sweet (Frozen)': 'Miscellaneous',
    'Vegetable Based Products / Meals - Not Ready to Eat (Frozen)': 'Miscellaneous',
    'Cereals Products - Ready to Eat (Shelf Stable)': 'Grains',
    'Chips/Crisps/Snack Mixes - Natural/Extruded (Shelf Stable)': 'Miscellaneous',
    'Cereal/Muesli Bars': 'Miscellaneous',
    'Ice Cream/Ice Novelties (Shelf Stable)': 'Miscellaneous',
    'Drinks Flavoured - Ready to Drink': 'Non-alcoholic beverages',
    'Baking/Cooking Supplies (Shelf Stable)': 'Miscellaneous',
    'Cereals Products - Not Ready to Eat (Shelf Stable)': 'Grains',
    'Egg Based Products / Meals - Not Ready to Eat (Frozen)': 'Eggs',
    'Popcorn (Shelf Stable)': 'Miscellaneous',
    'Nuts/Seeds - Prepared/Processed (Shelf Stable)': 'Legumes/nuts/seeds',
    'Pork Sausages - Prepared/Processed': 'Meat and poultry',
    'Pork - Prepared/Processed': 'Meat and poultry',
    'Pasta/Noodles - Not Ready to Eat (Frozen)': 'Grains',
    'Vegetables - Prepared/Processed (Shelf Stable)': 'Vegetables',
    'Beef - Prepared/Processed': 'Meat and poultry',
    'Dough Based Products / Meals - Not Ready to Eat - Savoury (Frozen)': 'Miscellaneous',
    'Baking/Cooking Mixes/Supplies Variety Packs': 'Miscellaneous',
    'Baking/Cooking Mixes (Shelf Stable)': 'Miscellaneous',
    'Dough Based Products / Meals - Not Ready to Eat - Savoury (Shelf Stable)': 'Miscellaneous',
    'Dried Breads (Shelf Stable)': 'Miscellaneous',
    'Grain Based Products / Meals - Not Ready to Eat - Savoury (Shelf Stable)': 'Grains',
    'Dressings/Dips (Shelf Stable)': 'Miscellaneous',
    'Soups - Prepared (Shelf Stable)': 'Miscellaneous',
    'Flour - Cereal/Pulse (Shelf Stable)': 'Grains',
    'Sauces - Cooking (Shelf Stable)': 'Miscellaneous',
    'Cakes - Sweet (Shelf Stable)': 'Miscellaneous',
    'Yogurt/Yogurt Substitutes (Perishable)': 'Milk and milk products',
    'Pies/Pastries/Pizzas/Quiches - Savoury (Frozen)': 'Miscellaneous',
    'Baking/Cooking Mixes (Perishable)': 'Miscellaneous',
    'Vegetables - Prepared/Processed (Frozen)': 'Vegetables',
    'Confection & Snacks': 'Miscellaneous',
    'Grains': 'Grains',
    'Breakfast Foods': 'Miscellaneous',
    'Green Supplements': 'Miscellaneous',
    'Processed Cheese & Cheese Novelties': 'Milk and milk products',
    'Digestive & Fiber Supplements': 'Miscellaneous',
    'Fruits, Vegetables & Produce': 'Miscellaneous',
    'Condiments, Oils & Dressing': 'Miscellaneous',
    'Antioxidant Supplements': 'Miscellaneous',
    'Beer': 'Alcoholic beverages',
    'Amino Acid Supplements': 'Miscellaneous',
    'Childcare': 'Miscellaneous',
    'Vegetable Based Products / Meals': 'Vegetables',
    'Confectionery Products': 'Miscellaneous',
    'Non Alcoholic Beverages  Not Ready to Drink': 'Non-alcoholic beverages',
    'Ready-Made Combination Meals': 'Miscellaneous',
    'Pasta/Noodles': 'Grains',
    'Snacks': 'Miscellaneous',
    'Prepared/Preserved Foods Variety Packs': 'Miscellaneous',
    'Nuts/Seeds  Prepared/Processed': 'Legumes/nuts/seeds',
    'Desserts/Dessert Sauces/Toppings': 'Miscellaneous',
    'Sweet Spreads': 'Sugar and sugar products',
    'Sandwiches/Filled Rolls/Wraps': 'Miscellaneous',
    'Dairy/Egg Based Products / Meals': 'Milk and milk products',
    'Grain Based Products / Meals': 'Grains',
    'Butter/Butter Substitutes': 'Milk and milk products',
    'Meat/Poultry/Other Animals Sausages  Prepared/Processed': 'Meat and poultry',
    'Yogurt/Yogurt Substitutes': 'Milk and milk products',
    'Fats Edible': 'Fats/oils',
    'Milk/Milk Substitutes': 'Milk and milk products',
    'Grains/Flour': 'Grains',
    'Fish  Prepared/Processed': 'Fish/shellfish',
    'Meat Substitutes': 'Miscellaneous',
    'Baking/Cooking Mixes/Supplies': 'Miscellaneous',
    'Cheese/Cheese Substitutes': 'Milk and milk products',
    'Processed Cereal Products': 'Grains',
    'Vinegars/Cooking Wines': 'Miscellaneous',
    'Bread/Bakery Products Variety Packs': 'Grains',
    'Food/Beverage/Tobacco Variety Packs': 'Miscellaneous',
    'Baby/Infant  Foods/Beverages': 'Miscellaneous',
    'Coffee/Tea/Substitutes': 'Non-alcoholic beverages',
    'Alcoholic Beverages': 'Alcoholic beverages',
    'Pickles/Relishes/Chutneys/Olives': 'Miscellaneous',
    "Children's Nutritional Supplements": 'Miscellaneous',
    'Fatty Acid Supplements': 'Miscellaneous',
    "Children's Natural Remedies': 'Miscellaneous',
    'Skin Care Preparations': 'Miscellaneous',
    'Fruit/Nuts/Seeds Combination': 'Miscellaneous',
    'Fish  Unprepared/Unprocessed': 'Fish/shellfish',
    'Shellfish Unprepared/Unprocessed': 'Fish/shellfish',
    'Sugars/Sugar Substitute Products': 'Sugar and sugar products',
    'Aquatic Invertebrates/Fish/Shellfish/Seafood Combination': 'Fish/shellfish',
    'Shellfish Prepared/Processed': 'Fish/shellfish',
    'Vegetables  Unprepared/Unprocessed (Frozen)': 'Vegetables',
    'Gardening': 'Miscellaneous',
    'Cream/Cream Substitutes': 'Milk and milk products',
    'Drinks': 'Non-alcoholic beverages',
    'Other Pet Food': 'Miscellaneous',
    'Meat/Poultry/Other Animals – Unprepared/Unprocessed': 'Meat and poultry',
    'Vegetables – Prepared/Processed': 'Vegetables',
    'Meat/Poultry/Other Animals – Prepared/Processed': 'Meat and poultry',
    'Nuts/Seeds – Prepared/Processed': 'Legumes/nuts/seeds',
    'Non Alcoholic Beverages – Not Ready to Drink': 'Non-alcoholic beverages',
    'Meat/Poultry/Other Animals Sausages – Prepared/Processed': 'Meat and poultry',
    'Non Alcoholic Beverages – Ready to Drink': 'Non-alcoholic beverages',
    'Fruit – Prepared/Processed': 'Fruit and fruit products',
    'Fish – Unprepared/Unprocessed': 'Fish/shellfish',
    'Fish – Prepared/Processed': 'Fish/shellfish',
    'Vegetables – Unprepared/Unprocessed (Frozen)': 'Vegetables',
    'Baby/Infant – Foods/Beverages': 'Miscellaneous',
    'Nuts/Seeds – Unprepared/Unprocessed (Shelf Stable)': 'Legumes/nuts/seeds',
    'Peppers': 'Vegetables',
    'Vegetables – Unprepared/Unprocessed (Shelf Stable)': 'Vegetables',
    'Nuts/Seeds  Unprepared/Unprocessed (Shelf Stable)': 'Legumes/nuts/seeds',
    'Vegetables  Unprepared/Unprocessed (Shelf Stable)': 'Vegetables',
    'Ayurvedic Supplements': 'Miscellaneous',
    'Minerals': 'Miscellaneous',
    'Frozen Meals': 'Miscellaneous',
    'Sausages/Smallgoods': 'Meat and poultry',
    'Bacon': 'Meat and poultry',
    'Sugar And Flour': 'Sugar and sugar products',
    'Bread - Incl. Buns And Rolls': 'Grains',
    'Canned/Dried Veges': 'Vegetables',
    'Health Supplements and Vitamins': 'Miscellaneous',
    'Puddings and desserts': 'Miscellaneous',
    'Ham/Cold Meats': 'Meat and poultry',
    'Confectionery': 'Miscellaneous',
    'Frozen Foods': 'Miscellaneous',
    'Prepared Meals': 'Miscellaneous',
    'Pastries/Pies/Pizzas': 'Miscellaneous',
    'Fruit': 'Fruit and fruit products',
    'Breakfast Cereals - Hot And Cold': 'Grains',
    'Seafood Miscellaneous': 'Fish/shellfish',
    'Biscuits Cracker': 'Miscellaneous',
    'Snack Foods - Other': 'Miscellaneous',
    'Sauces': 'Miscellaneous',
    'Spreads': 'Miscellaneous',
    'Canned Fish and Meat': 'Miscellaneous',
    'Frozen Fish/Seafood': 'Fish/shellfish',
    'Vegetarian': 'Miscellaneous',
    'Rice & Grains': 'Grains',
    'Drinks - Juices, Drinks and Cordials': 'Non-alcoholic beverages',
    'Biscuits Plain/Sweet': 'Miscellaneous',
    'Smoked fish': 'Fish/shellfish',
    'Frozen Fruit': 'Fruit and fruit products',
    'Dips/Hummus/Pate': 'Miscellaneous',
    'Drinks - Energy Drinks': 'Non-alcoholic beverages',
    'Biscuits Chocolate': 'Miscellaneous',
    'Milk/Cream - Shelf Stable': 'Milk and milk products',
    'Herbs And Spices': 'Miscellaneous',
    'Snack Foods - Nuts': 'Miscellaneous',
    'Snack Foods - Cereal Snacks': 'Miscellaneous',
    'Dairy Foods/Yoghurts': 'Milk and milk products',
    'Salads': 'Miscellaneous',
    'Frozen Pies/Savouries': 'Miscellaneous',
    'Sauces- Cooking': 'Miscellaneous',
    'Fresh Pasta': 'Grains',
    'Snack Foods - Chips': 'Miscellaneous',
    'Desserts & Custard': 'Miscellaneous',
    'Taco Shells': 'Grains',
    'Baking Needs': 'Miscellaneous',
    'Wrapped Snacks - Muesli Bars': 'Miscellaneous',
    'Frozen Meat': 'Meat and poultry',
    'Salami / Cured Meat': 'Meat and poultry',
    'Wrapped Snacks - Nut Bars': 'Miscellaneous',
    'Mussels': 'Fish/shellfish',
    'Frozen Chicken - Processed': 'Meat and poultry',
    'Ice-Cream Take Home': 'Miscellaneous',
    'Ice-Cream/Block Single': 'Miscellaneous',
    'Snack Foods - Corn Chips': 'Miscellaneous',
    'Cakes/Slices/Biscuits': 'Miscellaneous',
    'Cheese - Block': 'Milk and milk products',
    'Frozen Potato': 'Vegetables',
    'Wrapped Snacks - Fruit Bars': 'Miscellaneous',
    'Fresh Chicken - Portions': 'Meat and poultry',
    'Fresh Meat': 'Meat and poultry',
    'S/O Fresh Fish Fillets/Steaks': 'Fish/shellfish',
    'Noodles': 'Grains',
    'Cheese - Speciality ': 'Milk and milk products',
    'Vegetables': 'Vegetables',
    'Wrapped Snacks - Cereal': 'Grains',
    'Drinks - Soft Drinks': 'Non-alcoholic beverages',
    'Drinks - Powdered': 'Non-alcoholic beverages',
    'Frozen Snack': 'Miscellaneous',
    'Deli and Chilled Foods': 'Miscellaneous',
    'Salad Dressings': 'Miscellaneous',
    'Pickles, Relishes and Vinegar': 'Miscellaneous',
    'Chickpeas': 'Legumes/nuts/seeds',
    'Pasta': 'Grains',
    'Tofu': 'Legumes/nuts/seeds',
    'Cooking Oils and Fats': 'Fats/oils',
    'Margarine/Butter': 'Fats/oils',
    'Fresh Chicken - Processed': 'Meat and poultry',
    'Tea - Bags, Loose Leaf, Speciality': 'Non-alcoholic beverages',
    'Milk/Cream': 'Milk and milk products',
    'Fresh Chicken - Whole': 'Meat and poultry',
    'Frozen Chicken - Portions': 'Meat and poultry',
    'Antipasto': 'Miscellaneous',
    'Fresh Fruit and Vegetables': 'Fruit and fruit products',
    'Pasta - Instant Meals': 'Grains',
    'Cakes and Slices': 'Miscellaneous',
    'Ready To Drink': 'Non-alcoholic beverages',
    'Dips - Shelf Stable': 'Miscellaneous',
    'Sports and Weight Management': 'Miscellaneous',
    'Pastry': 'Miscellaneous',
    'Eggs': 'Eggs',
    'Frozen Desserts': 'Miscellaneous',
    'Infant Formula': 'Miscellaneous',
    'Potato - Instant Meals': 'Vegetables',
    'Fresh Meat, Poultry and Seafood': 'Meat and poultry',
    'Snack Foods - Multi Packs': 'Miscellaneous',
    'Biscuits Kids': 'Miscellaneous',
    'Snack Foods - Dried Fruit': 'Miscellaneous',
    'Ice-Cream/Ice-Block Multi Pack': 'Miscellaneous',
    'Coffee - Instant, Roast and Ground': 'Non-alcoholic beverages',
    'Berries/Small Fruit': 'Fruit and fruit products',
    'Eggs/Eggs Substitutes': 'Eggs',
    'Fruits  Unprepared/Unprocessed (Shelf Stable)': 'Fruit and fruit products',
    'Bread (Frozen)': 'Grains',
    'Desserts (Frozen)': 'Miscellaneous',
    'Chicken - Prepared/Processed': 'Meat and poultry',
    'Includes any products that can be described/observed as a substance which can be heated and combined with other ingredients, such as pasta, rice and chicken, to produce a specific recipe, such as Bolognese, Carbonara, Chicken Korma or Thai Curry. These products have been treated or packaged in such a way as to extend their consumable life. Excludes products such as Sauces Dipping and Condiments and Savoury Spreads and Marinades, Perishable and Frozen Sauces Cooking.': 'Miscellaneous',
    'Sandwiches/Filled Rolls/Wraps (Frozen)': 'Miscellaneous',
    'Includes products from mature animals of the genus Bos that have been subjected to one or more further manufacturing processes such as being cooked, dried, cured, ground, or reformed.': 'Meat and poultry',
    'Includes products from animals of the domestic pig ( Sus Scrofa Domesticus) that have been subjected to one or more further manufacturing processes such as being cooked, dried, cured, ground, or reformed.': 'Meat and poultry',
    'Includes products from animals of the species Gallus gallus domesticus that have been subjected to one or more further manufacturing processes such as being cooked, dried, cured, ground, or reformed.': 'Meat and poultry',
    'Includes any products that can be described/observed as a quantity of shelf-stable, pre-mixed dough, batter or powder that is specifically intended to produce bread, cakes, biscuits, desserts, or other products. Products may be ready to use (where no additional ingredients need to be added to the mix prior to use) or require the addition of wet ingredients such as water, milk, oil, fat or egg. These products have been treated or packaged in such a way as to extend their consumable life. Excludes products such as Soups, Frozen or Perishable Baking Mixes, all Part Baked and Baked Products.': 'Miscellaneous',
    'Includes any products that can be described/observed as a savoury dough-based not ready to eat, prepared/processed product, such as Pasta, Gnocchi, Noodles or Batter, with other ingredients, such as meat, dairy, eggs, fish, vegetables and/or seasoning. An optional seasoning/flavour packet may be present. These ingredients form a valuable part of the product, such as the meat/tomato sauce in Spaghetti Bolognaise, or cheese sauce in Macaroni and Cheese. They may or may not contain a sauce. These products are not ready to eat and require cooking prior to consumption. These products may have a main component which is considered a meal without any additional components. These products must be fro': 'Miscellaneous',
    'Includes any products that can be described/observed as frozen food made from the curd of milk, separated from the whey, sometimes fermented, and usually pressed, cooked, smoked, matured, or heated and mixed with artificial ingredients, such as emulsifiers, colourings and flavourings. These products must be frozen to extend their consumable life. These products include natural, processed cheese, cheese with added ingredients, such as herbs and nuts, in blocks, rolls, slices, grated, cubes, spreadable and portions.': 'Milk and milk products',
    'Includes any products that can be described/observed as a frozen substance, which can be heated and combined with other ingredients, such as pasta, rice and chicken, to produce a specific recipe, such as Bolognese, Carbonara, Chicken Korma or Thai Curry.': 'Miscellaneous',
    'Grains/Cereal - Ready to Eat - (Shelf Stable)': 'Grains',
    'Includes any products that can be described/observed as a fine powder derived from grains, roots or tubers. These products have been treated or packaged in such a way as to extend their consumable life. Specifically excludes products such as Cornflour. Excludes products such as Whole Grains, Bread and Baking Mixes.': 'Grains',
    'Turkey - Unprepared/Unprocessed': 'Meat and poultry',
    'Snacks Variety Packs': 'Miscellaneous',
    'Fruit/Nuts/Seeds Mixes - Prepared/Processed (Shelf Stable)': 'Miscellaneous',
    'Includes products from animals of the species Meleagris gallopavo that have been subjected to one or more further manufacturing processes such as being cooked, dried, cured, ground, or reformed.': 'Meat and poultry',
    'Cereal Products - Ready to Eat (Perishable)': 'Grains',
    'Includes products from animals of the domestic pig ( Sus Scrofa Domesticus) that have been subjected to one or more further manufacturing processes such as being cooked, dried, cured, ground, or reformed. Specifically excludes Meat/Poultry Sausages - Prepared/Processed. Excludes Pork - Unprepared/Unprocessed.': 'Meat and poultry',
    'Snacks Other': 'Miscellaneous',
    'Ready-Made Combination Meals - Not Ready to Eat (Frozen)': 'Miscellaneous',
    'Includes products from animals of the species Gallus gallus domesticus that have been subjected to one or more further manufacturing processes such as being cooked, dried, cured, ground, or reformed. Specifically excludes Meat/Poultry Sausages - Prepared/Processed. Excludes Chicken - Unprepared/Unprocessed.': 'Meat and poultry',
    'Packaged Water': 'Non-alcoholic beverages',
    'Sauces - Cooking (Frozen)': 'Miscellaneous',
    'Yogurt (Perishable)': 'Milk and milk products',
    'Baking/Cooking Mixes (Frozen)': 'Miscellaneous',
    'Herbs/Spices (Shelf Stable)': 'Miscellaneous',
    'Other Sauces Dipping/Condiments/Savoury Toppings/Savoury Spreads/Marinades (Frozen)': 'Miscellaneous',
    'Vegetable Based Products / Meals - Not Ready to Eat (Shelf Stable)': 'Vegetables',
    'Nutritional Supplements': 'Miscellaneous',
    'Bread (Shelf Stable)': 'Grains',
    'Pies/Pastries - Sweet (Frozen)': 'Miscellaneous',
    'Fruit - Prepared/Processed (Frozen)': 'Fruit and fruit products',
    'Oils Edible - Vegetable or Plant (Shelf Stable)': 'Fats/oils',
    'Fruit Juice - Ready to Drink (Shelf Stable)': 'Fruit and fruit products',
    'Doodles/ Puffs': 'Miscellaneous',
    'Biscuits/Cookies (Frozen)': 'Miscellaneous',
    'Beef Sausages - Prepared/Processed': 'Meat and poultry',
    'Sugar Candy/Sugar Candy Substitutes Confectionery': 'Sugar and sugar products',
    'Extracts/Salt/Meat Tenderisers (Shelf Stable)': 'Miscellaneous',
    'Pork - Unprepared/Unprocessed': 'Meat and poultry',
    'Pickled Vegetables': 'Vegetables',
    'Includes any products that can be described/observed as a cereal combining all or some of the following ingredients: oats, muesli, wheat, rice, seeds, bran, fruit, nuts, cereal and honey, which has gone through further manufacturing processes such as cooking, milling, drying and reforming, which will require preparation/cooking prior to consumption. Includes products such as porridge oats, couscous and tapioca. These products have been treated or packaged in such a way as to extend their consumable life.': 'Grains',
    'Fruit Juice - Not Ready to Drink (Frozen)': 'Fruit and fruit products',
    'Chocolate and Chocolate/Sugar Candy Combinations - Confectionery': 'Miscellaneous',
    'Seasonings/Preservatives/Extracts Variety Packs': 'Miscellaneous',
    'Fruits  Unprepared/Unprocessed (Frozen)': 'Fruit and fruit products'
}